# serializer version: 1
# name: test_history
  History(total_size='1.6 T', month_size='43.0 G', week_size='0 ', day_size='0 ', slots=[], ppslots=0, noofslots=0, last_history_update=4340)
# ---
# name: test_json_request_without_session
  Queue(status=<QueueStatus.PAUSED: 'Paused'>, speedlimit='100', speedlimit_absolut='26214400', paused=True, noofslots_total=0, noofslots=0, limit=0, start=0, timeleft=datetime.timedelta(seconds=6340), speed='0 ', kb_per_sec='0.00', size='0 B', size_left='0 B', megabyte='0.00', megabyte_left='0.00', slots=[], diskspace1='87.81', diskspace2='1815.82', diskspace_total1='116.66', diskspace_total2='3686.62', diskspace1_norm='87.8 G', diskspace2_norm='1.8 T', have_warnings='5', pause_int='0', left_quota='0 ', version='4.2.3', finish=0, cache_article='0', cache_size='0 B', finish_action='None', paused_all=False, quota='0 ', have_quota=False)
# ---
# name: test_queue
  Queue(status=<QueueStatus.PAUSED: 'Paused'>, speedlimit='100', speedlimit_absolut='26214400', paused=True, noofslots_total=0, noofslots=0, limit=0, start=0, timeleft=datetime.timedelta(seconds=6340), speed='0 ', kb_per_sec='0.00', size='0 B', size_left='0 B', megabyte='0.00', megabyte_left='0.00', slots=[], diskspace1='87.81', diskspace2='1815.82', diskspace_total1='116.66', diskspace_total2='3686.62', diskspace1_norm='87.8 G', diskspace2_norm='1.8 T', have_warnings='5', pause_int='0', left_quota='0 ', version='4.2.3', finish=0, cache_article='0', cache_size='0 B', finish_action='None', paused_all=False, quota='0 ', have_quota=False)
# ---
